[2026-06-06 13:36:41] ================================================================
[2026-06-06 13:36:41] 🏁 [마라톤 가동] 사람인 IT 공고 100MB 돌파 대량 배칭 엔진 가동 시작
[2026-06-06 13:36:41] ================================================================
[2026-06-06 13:36:41] 
🔄 [페이지 진입] 현재 1 / 200 페이지 수집 중...
[2026-06-06 13:40:12] 📊 [중간 리포트] 1페이지 완료: 50개 중 50개 수집 및 GCP MySQL 누적 적재 성공
[2026-06-06 13:40:12] 🔋 [현재 스코어] 누적 공고: 50건 | 누적 확보 텍스트 용량: 1.29 MB
[2026-06-06 13:40:14] 
🔄 [페이지 진입] 현재 2 / 200 페이지 수집 중...
[2026-06-06 13:43:45] 📊 [중간 리포트] 2페이지 완료: 50개 중 50개 수집 및 GCP MySQL 누적 적재 성공
[2026-06-06 13:43:45] 🔋 [현재 스코어] 누적 공고: 100건 | 누적 확보 텍스트 용량: 2.48 MB
[2026-06-06 13:43:47] 
🔄 [페이지 진입] 현재 3 / 200 페이지 수집 중...
[2026-06-06 13:47:18] 📊 [중간 리포트] 3페이지 완료: 50개 중 50개 수집 및 GCP MySQL 누적 적재 성공
[2026-06-06 13:47:18] 🔋 [현재 스코어] 누적 공고: 150건 | 누적 확보 텍스트 용량: 3.81 MB
[2026-06-06 13:47:20] 
🔄 [페이지 진입] 현재 4 / 200 페이지 수집 중...
[2026-06-06 13:50:56] 📊 [중간 리포트] 4페이지 완료: 50개 중 50개 수집 및 GCP MySQL 누적 적재 성공
[2026-06-06 13:50:56] 🔋 [현재 스코어] 누적 공고: 200건 | 누적 확보 텍스트 용량: 5.02 MB
[2026-06-06 13:50:58] 
🔄 [페이지 진입] 현재 5 / 200 페이지 수집 중...
[2026-06-06 13:54:29] 📊 [중간 리포트] 5페이지 완료: 50개 중 50개 수집 및 GCP MySQL 누적 적재 성공
[2026-06-06 13:54:29] 🔋 [현재 스코어] 누적 공고: 250건 | 누적 확보 텍스트 용량: 6.03 MB
[2026-06-06 13:54:31] 
🔄 [페이지 진입] 현재 6 / 200 페이지 수집 중...
[2026-06-06 13:58:01] 📊 [중간 리포트] 6페이지 완료: 50개 중 50개 수집 및 GCP MySQL 누적 적재 성공
[2026-06-06 13:58:01] 🔋 [현재 스코어] 누적 공고: 300건 | 누적 확보 텍스트 용량: 7.12 MB
[2026-06-06 13:58:03] 
🔄 [페이지 진입] 현재 7 / 200 페이지 수집 중...
[2026-06-06 14:01:31] 📊 [중간 리포트] 7페이지 완료: 50개 중 50개 수집 및 GCP MySQL 누적 적재 성공
[2026-06-06 14:01:31] 🔋 [현재 스코어] 누적 공고: 350건 | 누적 확보 텍스트 용량: 8.19 MB
[2026-06-06 14:01:33] 
🔄 [페이지 진입] 현재 8 / 200 페이지 수집 중...
[2026-06-06 14:05:02] 📊 [중간 리포트] 8페이지 완료: 50개 중 50개 수집 및 GCP MySQL 누적 적재 성공
[2026-06-06 14:05:02] 🔋 [현재 스코어] 누적 공고: 400건 | 누적 확보 텍스트 용량: 9.37 MB
[2026-06-06 14:05:04] 
🔄 [페이지 진입] 현재 9 / 200 페이지 수집 중...
[2026-06-06 14:08:36] 📊 [중간 리포트] 9페이지 완료: 50개 중 50개 수집 및 GCP MySQL 누적 적재 성공
[2026-06-06 14:08:36] 🔋 [현재 스코어] 누적 공고: 450건 | 누적 확보 텍스트 용량: 10.10 MB
[2026-06-06 14:08:38] 
🔄 [페이지 진입] 현재 10 / 200 페이지 수집 중...
[2026-06-06 14:12:08] 📊 [중간 리포트] 10페이지 완료: 50개 중 50개 수집 및 GCP MySQL 누적 적재 성공
[2026-06-06 14:12:08] 🔋 [현재 스코어] 누적 공고: 500건 | 누적 확보 텍스트 용량: 11.32 MB
[2026-06-06 14:12:10] 
🔄 [페이지 진입] 현재 11 / 200 페이지 수집 중...
[2026-06-06 14:15:50] 📊 [중간 리포트] 11페이지 완료: 50개 중 50개 수집 및 GCP MySQL 누적 적재 성공
[2026-06-06 14:15:50] 🔋 [현재 스코어] 누적 공고: 550건 | 누적 확보 텍스트 용량: 12.42 MB
[2026-06-06 14:15:52] 
🔄 [페이지 진입] 현재 12 / 200 페이지 수집 중...
[2026-06-06 14:19:25] 📊 [중간 리포트] 12페이지 완료: 50개 중 50개 수집 및 GCP MySQL 누적 적재 성공
[2026-06-06 14:19:25] 🔋 [현재 스코어] 누적 공고: 600건 | 누적 확보 텍스트 용량: 13.65 MB
[2026-06-06 14:19:27] 
🔄 [페이지 진입] 현재 13 / 200 페이지 수집 중...
[2026-06-06 14:23:04] 📊 [중간 리포트] 13페이지 완료: 50개 중 50개 수집 및 GCP MySQL 누적 적재 성공
[2026-06-06 14:23:04] 🔋 [현재 스코어] 누적 공고: 650건 | 누적 확보 텍스트 용량: 14.60 MB
[2026-06-06 14:23:06] 
🔄 [페이지 진입] 현재 14 / 200 페이지 수집 중...
[2026-06-06 14:26:50] 📊 [중간 리포트] 14페이지 완료: 50개 중 50개 수집 및 GCP MySQL 누적 적재 성공
[2026-06-06 14:26:50] 🔋 [현재 스코어] 누적 공고: 700건 | 누적 확보 텍스트 용량: 15.03 MB
[2026-06-06 14:26:52] 
🔄 [페이지 진입] 현재 15 / 200 페이지 수집 중...
[2026-06-06 14:27:58] ================================================================
[2026-06-06 14:27:58] 🏁 [마라톤 가동] 사람인 IT 공고 100MB 돌파 대량 배칭 엔진 가동 시작
[2026-06-06 14:27:58] ================================================================
[2026-06-06 14:27:58] 
🔄 [페이지 진입] 현재 1 / 200 페이지 수집 중...
[2026-06-06 14:28:28]    ⚠️ 1페이지에서 공고 목록을 가져오지 못했습니다. 3초 대기 후 다음으로 우회.
[2026-06-06 14:28:31] 
🔄 [페이지 진입] 현재 2 / 200 페이지 수집 중...
[2026-06-06 14:28:36]    ⚠️ [2페이지] 목록 페이지 접근 타임아웃/실패 (스킵) : Page.goto: net::ERR_CONNECTION_RESET at https://www.saramin.co.kr/zf_user/jobs/list/job-category?page=2&cat_mcls=2&isAjaxRequest=0&page_count=50&sort=RL
Call log:
  - navigating to "https://www.saramin.co.kr/zf_user/jobs/list/job-category?page=2&cat_mcls=2&isAjaxRequest=0&page_count=50&sort=RL", waiting until "commit"

[2026-06-06 14:28:36]    ⚠️ 2페이지에서 공고 목록을 가져오지 못했습니다. 3초 대기 후 다음으로 우회.
[2026-06-06 14:28:39] 
🔄 [페이지 진입] 현재 3 / 200 페이지 수집 중...
[2026-06-06 14:29:05]    ⚠️ 3페이지에서 공고 목록을 가져오지 못했습니다. 3초 대기 후 다음으로 우회.
[2026-06-06 14:29:08] 
🔄 [페이지 진입] 현재 4 / 200 페이지 수집 중...
[2026-06-06 14:29:12]    ⚠️ [4페이지] 목록 페이지 접근 타임아웃/실패 (스킵) : Page.goto: net::ERR_CONNECTION_RESET at https://www.saramin.co.kr/zf_user/jobs/list/job-category?page=4&cat_mcls=2&isAjaxRequest=0&page_count=50&sort=RL
Call log:
  - navigating to "https://www.saramin.co.kr/zf_user/jobs/list/job-category?page=4&cat_mcls=2&isAjaxRequest=0&page_count=50&sort=RL", waiting until "commit"

[2026-06-06 14:29:12]    ⚠️ 4페이지에서 공고 목록을 가져오지 못했습니다. 3초 대기 후 다음으로 우회.
[2026-06-06 14:29:15] 
🔄 [페이지 진입] 현재 5 / 200 페이지 수집 중...
[2026-06-06 14:29:41]    ⚠️ 5페이지에서 공고 목록을 가져오지 못했습니다. 3초 대기 후 다음으로 우회.
[2026-06-06 14:29:44] 
🔄 [페이지 진입] 현재 6 / 200 페이지 수집 중...
[2026-06-06 14:29:49]    ⚠️ [6페이지] 목록 페이지 접근 타임아웃/실패 (스킵) : Page.goto: net::ERR_CONNECTION_RESET at https://www.saramin.co.kr/zf_user/jobs/list/job-category?page=6&cat_mcls=2&isAjaxRequest=0&page_count=50&sort=RL
Call log:
  - navigating to "https://www.saramin.co.kr/zf_user/jobs/list/job-category?page=6&cat_mcls=2&isAjaxRequest=0&page_count=50&sort=RL", waiting until "commit"

[2026-06-06 14:29:49]    ⚠️ 6페이지에서 공고 목록을 가져오지 못했습니다. 3초 대기 후 다음으로 우회.
[2026-06-06 14:29:52] 
🔄 [페이지 진입] 현재 7 / 200 페이지 수집 중...
[2026-06-06 14:30:17]    ⚠️ 7페이지에서 공고 목록을 가져오지 못했습니다. 3초 대기 후 다음으로 우회.
[2026-06-06 14:30:20] 
🔄 [페이지 진입] 현재 8 / 200 페이지 수집 중...
[2026-06-06 14:30:25]    ⚠️ [8페이지] 목록 페이지 접근 타임아웃/실패 (스킵) : Page.goto: net::ERR_CONNECTION_RESET at https://www.saramin.co.kr/zf_user/jobs/list/job-category?page=8&cat_mcls=2&isAjaxRequest=0&page_count=50&sort=RL
Call log:
  - navigating to "https://www.saramin.co.kr/zf_user/jobs/list/job-category?page=8&cat_mcls=2&isAjaxRequest=0&page_count=50&sort=RL", waiting until "commit"

[2026-06-06 14:30:26]    ⚠️ 8페이지에서 공고 목록을 가져오지 못했습니다. 3초 대기 후 다음으로 우회.
[2026-06-06 14:30:29] 
🔄 [페이지 진입] 현재 9 / 200 페이지 수집 중...
[2026-06-06 14:30:54]    ⚠️ 9페이지에서 공고 목록을 가져오지 못했습니다. 3초 대기 후 다음으로 우회.
[2026-06-06 14:30:57] 
🔄 [페이지 진입] 현재 10 / 200 페이지 수집 중...
[2026-06-06 14:31:02]    ⚠️ [10페이지] 목록 페이지 접근 타임아웃/실패 (스킵) : Page.goto: net::ERR_CONNECTION_RESET at https://www.saramin.co.kr/zf_user/jobs/list/job-category?page=10&cat_mcls=2&isAjaxRequest=0&page_count=50&sort=RL
Call log:
  - navigating to "https://www.saramin.co.kr/zf_user/jobs/list/job-category?page=10&cat_mcls=2&isAjaxRequest=0&page_count=50&sort=RL", waiting until "commit"

[2026-06-06 14:31:02]    ⚠️ 10페이지에서 공고 목록을 가져오지 못했습니다. 3초 대기 후 다음으로 우회.
[2026-06-06 14:31:05] 
🔄 [페이지 진입] 현재 11 / 200 페이지 수집 중...
[2026-06-06 14:31:31]    ⚠️ 11페이지에서 공고 목록을 가져오지 못했습니다. 3초 대기 후 다음으로 우회.
[2026-06-06 14:31:34] 
🔄 [페이지 진입] 현재 12 / 200 페이지 수집 중...
[2026-06-06 14:31:39]    ⚠️ [12페이지] 목록 페이지 접근 타임아웃/실패 (스킵) : Page.goto: net::ERR_CONNECTION_RESET at https://www.saramin.co.kr/zf_user/jobs/list/job-category?page=12&cat_mcls=2&isAjaxRequest=0&page_count=50&sort=RL
Call log:
  - navigating to "https://www.saramin.co.kr/zf_user/jobs/list/job-category?page=12&cat_mcls=2&isAjaxRequest=0&page_count=50&sort=RL", waiting until "commit"

[2026-06-06 14:31:39]    ⚠️ 12페이지에서 공고 목록을 가져오지 못했습니다. 3초 대기 후 다음으로 우회.
[2026-06-06 14:31:42] 
🔄 [페이지 진입] 현재 13 / 200 페이지 수집 중...
[2026-06-06 14:32:08]    ⚠️ 13페이지에서 공고 목록을 가져오지 못했습니다. 3초 대기 후 다음으로 우회.
[2026-06-06 14:32:11] 
🔄 [페이지 진입] 현재 14 / 200 페이지 수집 중...
[2026-06-06 14:32:16]    ⚠️ [14페이지] 목록 페이지 접근 타임아웃/실패 (스킵) : Page.goto: net::ERR_CONNECTION_RESET at https://www.saramin.co.kr/zf_user/jobs/list/job-category?page=14&cat_mcls=2&isAjaxRequest=0&page_count=50&sort=RL
Call log:
  - navigating to "https://www.saramin.co.kr/zf_user/jobs/list/job-category?page=14&cat_mcls=2&isAjaxRequest=0&page_count=50&sort=RL", waiting until "commit"

[2026-06-06 14:32:16]    ⚠️ 14페이지에서 공고 목록을 가져오지 못했습니다. 3초 대기 후 다음으로 우회.
[2026-06-06 14:32:19] 
🔄 [페이지 진입] 현재 15 / 200 페이지 수집 중...
[2026-06-06 14:32:44]    ⚠️ 15페이지에서 공고 목록을 가져오지 못했습니다. 3초 대기 후 다음으로 우회.
[2026-06-06 14:32:47] 
🔄 [페이지 진입] 현재 16 / 200 페이지 수집 중...
[2026-06-06 14:32:52]    ⚠️ [16페이지] 목록 페이지 접근 타임아웃/실패 (스킵) : Page.goto: net::ERR_CONNECTION_RESET at https://www.saramin.co.kr/zf_user/jobs/list/job-category?page=16&cat_mcls=2&isAjaxRequest=0&page_count=50&sort=RL
Call log:
  - navigating to "https://www.saramin.co.kr/zf_user/jobs/list/job-category?page=16&cat_mcls=2&isAjaxRequest=0&page_count=50&sort=RL", waiting until "commit"

[2026-06-06 14:32:53]    ⚠️ 16페이지에서 공고 목록을 가져오지 못했습니다. 3초 대기 후 다음으로 우회.
[2026-06-06 14:32:56] 
🔄 [페이지 진입] 현재 17 / 200 페이지 수집 중...
[2026-06-06 14:33:21]    ⚠️ 17페이지에서 공고 목록을 가져오지 못했습니다. 3초 대기 후 다음으로 우회.
[2026-06-06 14:33:24] 
🔄 [페이지 진입] 현재 18 / 200 페이지 수집 중...
[2026-06-06 14:33:29]    ⚠️ [18페이지] 목록 페이지 접근 타임아웃/실패 (스킵) : Page.goto: net::ERR_CONNECTION_RESET at https://www.saramin.co.kr/zf_user/jobs/list/job-category?page=18&cat_mcls=2&isAjaxRequest=0&page_count=50&sort=RL
Call log:
  - navigating to "https://www.saramin.co.kr/zf_user/jobs/list/job-category?page=18&cat_mcls=2&isAjaxRequest=0&page_count=50&sort=RL", waiting until "commit"

[2026-06-06 14:33:29]    ⚠️ 18페이지에서 공고 목록을 가져오지 못했습니다. 3초 대기 후 다음으로 우회.
[2026-06-06 14:33:32] 
🔄 [페이지 진입] 현재 19 / 200 페이지 수집 중...
[2026-06-06 14:33:58]    ⚠️ 19페이지에서 공고 목록을 가져오지 못했습니다. 3초 대기 후 다음으로 우회.
[2026-06-06 14:34:01] 
🔄 [페이지 진입] 현재 20 / 200 페이지 수집 중...
[2026-06-06 14:34:05]    ⚠️ [20페이지] 목록 페이지 접근 타임아웃/실패 (스킵) : Page.goto: net::ERR_CONNECTION_RESET at https://www.saramin.co.kr/zf_user/jobs/list/job-category?page=20&cat_mcls=2&isAjaxRequest=0&page_count=50&sort=RL
Call log:
  - navigating to "https://www.saramin.co.kr/zf_user/jobs/list/job-category?page=20&cat_mcls=2&isAjaxRequest=0&page_count=50&sort=RL", waiting until "commit"

[2026-06-06 14:34:06]    ⚠️ 20페이지에서 공고 목록을 가져오지 못했습니다. 3초 대기 후 다음으로 우회.
[2026-06-06 14:34:09] 
🔄 [페이지 진입] 현재 21 / 200 페이지 수집 중...
[2026-06-06 14:34:34]    ⚠️ 21페이지에서 공고 목록을 가져오지 못했습니다. 3초 대기 후 다음으로 우회.
[2026-06-06 14:34:37] 
🔄 [페이지 진입] 현재 22 / 200 페이지 수집 중...
[2026-06-06 14:34:42]    ⚠️ [22페이지] 목록 페이지 접근 타임아웃/실패 (스킵) : Page.goto: net::ERR_CONNECTION_RESET at https://www.saramin.co.kr/zf_user/jobs/list/job-category?page=22&cat_mcls=2&isAjaxRequest=0&page_count=50&sort=RL
Call log:
  - navigating to "https://www.saramin.co.kr/zf_user/jobs/list/job-category?page=22&cat_mcls=2&isAjaxRequest=0&page_count=50&sort=RL", waiting until "commit"

[2026-06-06 14:34:42]    ⚠️ 22페이지에서 공고 목록을 가져오지 못했습니다. 3초 대기 후 다음으로 우회.
[2026-06-06 14:34:45] 
🔄 [페이지 진입] 현재 23 / 200 페이지 수집 중...
[2026-06-06 14:35:10]    ⚠️ 23페이지에서 공고 목록을 가져오지 못했습니다. 3초 대기 후 다음으로 우회.
[2026-06-06 14:35:13] 
🔄 [페이지 진입] 현재 24 / 200 페이지 수집 중...
[2026-06-06 14:35:19]    ⚠️ [24페이지] 목록 페이지 접근 타임아웃/실패 (스킵) : Page.goto: net::ERR_CONNECTION_RESET at https://www.saramin.co.kr/zf_user/jobs/list/job-category?page=24&cat_mcls=2&isAjaxRequest=0&page_count=50&sort=RL
Call log:
  - navigating to "https://www.saramin.co.kr/zf_user/jobs/list/job-category?page=24&cat_mcls=2&isAjaxRequest=0&page_count=50&sort=RL", waiting until "commit"

[2026-06-06 14:35:19]    ⚠️ 24페이지에서 공고 목록을 가져오지 못했습니다. 3초 대기 후 다음으로 우회.
[2026-06-06 14:35:22] 
🔄 [페이지 진입] 현재 25 / 200 페이지 수집 중...
[2026-06-06 14:37:39] ================================================================
[2026-06-06 14:37:39] 🏁 [마라톤 가동] 사람인 IT 공고 100MB 돌파 대량 배칭 엔진 가동 시작
[2026-06-06 14:37:39] ================================================================
[2026-06-06 14:37:39] 
🔄 [페이지 진입] 현재 1 / 200 페이지 수집 중...
[2026-06-06 14:38:35] ================================================================
[2026-06-06 14:38:35] 🏁 [마라톤 가동] 사람인 IT 공고 100MB 돌파 대량 배칭 엔진 가동 시작
[2026-06-06 14:38:35] ================================================================
[2026-06-06 14:38:35] 
🔄 [페이지 진입] 현재 1 / 200 페이지 수집 중...
[2026-06-06 14:40:03] ================================================================
[2026-06-06 14:40:03] 🏁 [미니멀 위치조정 완제품] 사람인 IT 공고 100MB 돌파 대량 배칭 시작
[2026-06-06 14:40:03] ================================================================
[2026-06-06 14:40:03] 
🔄 [페이지 진입] 현재 1 / 200 페이지 수집 중...
[2026-06-06 14:41:04] 📊 [중간 리포트] 1페이지 신규 11개 수집 및 GCP MySQL 누적 적재 성공
[2026-06-06 14:41:06] 
🔄 [페이지 진입] 현재 2 / 200 페이지 수집 중...
[2026-06-06 16:05:07] ================================================================
[2026-06-06 16:05:07] 🏁 [미니멀 위치조정 완제품] 사람인 IT 공고 100MB 돌파 대량 배칭 시작
[2026-06-06 16:05:07] ================================================================
[2026-06-06 16:05:07] 
🔄 [페이지 진입] 현재 1 / 200 페이지 수집 중...
[2026-06-06 16:05:32] 📊 [중간 리포트] 1페이지 신규 1개 수집 및 GCP MySQL 누적 적재 성공
[2026-06-06 16:05:34] 
🔄 [페이지 진입] 현재 2 / 200 페이지 수집 중...
[2026-06-06 16:05:48] 
🔄 [페이지 진입] 현재 3 / 200 페이지 수집 중...
[2026-06-06 16:06:05] 
🔄 [페이지 진입] 현재 4 / 200 페이지 수집 중...
[2026-06-06 16:06:21] 
🔄 [페이지 진입] 현재 5 / 200 페이지 수집 중...
[2026-06-06 16:06:35] 
🔄 [페이지 진입] 현재 6 / 200 페이지 수집 중...
[2026-06-06 16:06:48] 
🔄 [페이지 진입] 현재 7 / 200 페이지 수집 중...
[2026-06-06 16:07:00] 
🔄 [페이지 진입] 현재 8 / 200 페이지 수집 중...
[2026-06-06 16:07:11] 
🔄 [페이지 진입] 현재 9 / 200 페이지 수집 중...
[2026-06-06 16:07:28] 📊 [중간 리포트] 9페이지 신규 1개 수집 및 GCP MySQL 누적 적재 성공
[2026-06-06 16:07:30] 
🔄 [페이지 진입] 현재 10 / 200 페이지 수집 중...
[2026-06-06 16:07:42] 
🔄 [페이지 진입] 현재 11 / 200 페이지 수집 중...
[2026-06-06 16:07:55] 
🔄 [페이지 진입] 현재 12 / 200 페이지 수집 중...
[2026-06-06 16:08:09] 
🔄 [페이지 진입] 현재 13 / 200 페이지 수집 중...
[2026-06-06 16:08:21] 
🔄 [페이지 진입] 현재 14 / 200 페이지 수집 중...
[2026-06-06 16:08:33] 
🔄 [페이지 진입] 현재 15 / 200 페이지 수집 중...
[2026-06-06 16:11:19] 📊 [중간 리포트] 15페이지 신규 36개 수집 및 GCP MySQL 누적 적재 성공
[2026-06-06 16:11:21] 
🔄 [페이지 진입] 현재 16 / 200 페이지 수집 중...
[2026-06-06 16:15:19] 📊 [중간 리포트] 16페이지 신규 50개 수집 및 GCP MySQL 누적 적재 성공
[2026-06-06 16:15:21] 
🔄 [페이지 진입] 현재 17 / 200 페이지 수집 중...
[2026-06-06 16:19:18] 📊 [중간 리포트] 17페이지 신규 50개 수집 및 GCP MySQL 누적 적재 성공
[2026-06-06 16:19:20] 
🔄 [페이지 진입] 현재 18 / 200 페이지 수집 중...
[2026-06-06 16:23:27] 📊 [중간 리포트] 18페이지 신규 50개 수집 및 GCP MySQL 누적 적재 성공
[2026-06-06 16:23:29] 
🔄 [페이지 진입] 현재 19 / 200 페이지 수집 중...
[2026-06-06 16:44:53] ================================================================
[2026-06-06 16:44:53] 🏁 [최종 마스터본] 커넥션 풀 + 화면 밖 격리 크롤러 마라톤 엔진 가동
[2026-06-06 16:44:53] ================================================================
[2026-06-06 16:44:53] 
🔄 [페이지 진입] 현재 1 / 200 페이지 수집 중...
[2026-06-06 16:46:00] 📊 [중간 리포트] 1페이지 신규 데이터 1개 적재 성공
[2026-06-06 16:46:02] 
🔄 [페이지 진입] 현재 2 / 200 페이지 수집 중...
[2026-06-06 16:46:18] 
🔄 [페이지 진입] 현재 3 / 200 페이지 수집 중...
[2026-06-06 16:46:29] 
🔄 [페이지 진입] 현재 4 / 200 페이지 수집 중...
[2026-06-06 16:46:37] 
🔄 [페이지 진입] 현재 5 / 200 페이지 수집 중...
[2026-06-06 16:46:46] 
🔄 [페이지 진입] 현재 6 / 200 페이지 수집 중...
[2026-06-06 16:46:57] 
🔄 [페이지 진입] 현재 7 / 200 페이지 수집 중...
[2026-06-06 16:47:05] 
🔄 [페이지 진입] 현재 8 / 200 페이지 수집 중...
[2026-06-06 16:47:20] 📊 [중간 리포트] 8페이지 신규 데이터 2개 적재 성공
[2026-06-06 16:47:22] 
🔄 [페이지 진입] 현재 9 / 200 페이지 수집 중...
[2026-06-06 16:47:30] 
🔄 [페이지 진입] 현재 10 / 200 페이지 수집 중...
[2026-06-06 16:47:39] 
🔄 [페이지 진입] 현재 11 / 200 페이지 수집 중...
[2026-06-06 16:47:47] 
🔄 [페이지 진입] 현재 12 / 200 페이지 수집 중...
[2026-06-06 16:47:56] 
🔄 [페이지 진입] 현재 13 / 200 페이지 수집 중...
[2026-06-06 16:48:04] 
🔄 [페이지 진입] 현재 14 / 200 페이지 수집 중...
[2026-06-06 16:48:12] 
🔄 [페이지 진입] 현재 15 / 200 페이지 수집 중...
[2026-06-06 16:48:20] 
🔄 [페이지 진입] 현재 16 / 200 페이지 수집 중...
[2026-06-06 16:48:30] 
🔄 [페이지 진입] 현재 17 / 200 페이지 수집 중...
[2026-06-06 16:49:05] 
🔄 [페이지 진입] 현재 18 / 200 페이지 수집 중...
[2026-06-06 16:49:16] 
🔄 [페이지 진입] 현재 19 / 200 페이지 수집 중...
[2026-06-06 16:49:48] 📊 [중간 리포트] 19페이지 신규 데이터 4개 적재 성공
[2026-06-06 16:49:50] 
🔄 [페이지 진입] 현재 20 / 200 페이지 수집 중...
[2026-06-06 16:49:58]    ⚠️ 20페이지 일시적 지연 감지. 5초 대기 후 다음으로 우회.
[2026-06-06 16:50:03] 
🔄 [페이지 진입] 현재 21 / 200 페이지 수집 중...
[2026-06-06 16:55:36] 📊 [중간 리포트] 21페이지 신규 데이터 50개 적재 성공
[2026-06-06 16:55:38] 
🔄 [페이지 진입] 현재 22 / 200 페이지 수집 중...
[2026-06-06 17:00:28] 📊 [중간 리포트] 22페이지 신규 데이터 50개 적재 성공
[2026-06-06 17:00:30] 
🔄 [페이지 진입] 현재 23 / 200 페이지 수집 중...
[2026-06-06 17:04:24] 📊 [중간 리포트] 23페이지 신규 데이터 50개 적재 성공
[2026-06-06 17:04:26] 
🔄 [페이지 진입] 현재 24 / 200 페이지 수집 중...
[2026-06-06 17:08:24] 📊 [중간 리포트] 24페이지 신규 데이터 50개 적재 성공
[2026-06-06 17:08:26] 
🔄 [페이지 진입] 현재 25 / 200 페이지 수집 중...
[2026-06-06 17:12:21] 📊 [중간 리포트] 25페이지 신규 데이터 50개 적재 성공
[2026-06-06 17:12:23] 
🔄 [페이지 진입] 현재 26 / 200 페이지 수집 중...
[2026-06-06 17:16:53] 📊 [중간 리포트] 26페이지 신규 데이터 50개 적재 성공
[2026-06-06 17:16:55] 
🔄 [페이지 진입] 현재 27 / 200 페이지 수집 중...
[2026-06-06 17:20:57] 📊 [중간 리포트] 27페이지 신규 데이터 48개 적재 성공
[2026-06-06 17:20:59] 
🔄 [페이지 진입] 현재 28 / 200 페이지 수집 중...
[2026-06-06 17:25:08] 📊 [중간 리포트] 28페이지 신규 데이터 49개 적재 성공
[2026-06-06 17:25:10] 
🔄 [페이지 진입] 현재 29 / 200 페이지 수집 중...
[2026-06-06 17:29:15] 📊 [중간 리포트] 29페이지 신규 데이터 50개 적재 성공
[2026-06-06 17:29:17] 
🔄 [페이지 진입] 현재 30 / 200 페이지 수집 중...
[2026-06-06 17:33:24] 📊 [중간 리포트] 30페이지 신규 데이터 50개 적재 성공
[2026-06-06 17:33:26] 
🔄 [페이지 진입] 현재 31 / 200 페이지 수집 중...
[2026-06-06 17:38:00] 📊 [중간 리포트] 31페이지 신규 데이터 50개 적재 성공
[2026-06-06 17:38:02] 
🔄 [페이지 진입] 현재 32 / 200 페이지 수집 중...
[2026-06-06 17:42:00] 📊 [중간 리포트] 32페이지 신규 데이터 50개 적재 성공
[2026-06-06 17:42:02] 
🔄 [페이지 진입] 현재 33 / 200 페이지 수집 중...
[2026-06-06 17:46:13] 📊 [중간 리포트] 33페이지 신규 데이터 50개 적재 성공
[2026-06-06 17:46:15] 
🔄 [페이지 진입] 현재 34 / 200 페이지 수집 중...
[2026-06-06 17:50:48] 📊 [중간 리포트] 34페이지 신규 데이터 50개 적재 성공
[2026-06-06 17:50:50] 
🔄 [페이지 진입] 현재 35 / 200 페이지 수집 중...
[2026-06-06 17:54:55] 📊 [중간 리포트] 35페이지 신규 데이터 50개 적재 성공
[2026-06-06 17:54:57] 
🔄 [페이지 진입] 현재 36 / 200 페이지 수집 중...
[2026-06-06 17:59:03] 📊 [중간 리포트] 36페이지 신규 데이터 50개 적재 성공
[2026-06-06 17:59:06] 
🔄 [페이지 진입] 현재 37 / 200 페이지 수집 중...
[2026-06-06 18:03:29] 📊 [중간 리포트] 37페이지 신규 데이터 50개 적재 성공
[2026-06-06 18:03:31] 
🔄 [페이지 진입] 현재 38 / 200 페이지 수집 중...
[2026-06-06 18:08:14] 📊 [중간 리포트] 38페이지 신규 데이터 49개 적재 성공
[2026-06-06 18:08:16] 
🔄 [페이지 진입] 현재 39 / 200 페이지 수집 중...
[2026-06-06 18:12:10] 📊 [중간 리포트] 39페이지 신규 데이터 50개 적재 성공
[2026-06-06 18:12:12] 
🔄 [페이지 진입] 현재 40 / 200 페이지 수집 중...
[2026-06-06 18:16:11] 📊 [중간 리포트] 40페이지 신규 데이터 50개 적재 성공
[2026-06-06 18:16:13] 
🔄 [페이지 진입] 현재 41 / 200 페이지 수집 중...
[2026-06-06 18:20:06] 📊 [중간 리포트] 41페이지 신규 데이터 50개 적재 성공
[2026-06-06 18:20:08] 
🔄 [페이지 진입] 현재 42 / 200 페이지 수집 중...
[2026-06-06 18:24:03] 📊 [중간 리포트] 42페이지 신규 데이터 50개 적재 성공
[2026-06-06 18:24:05] 
🔄 [페이지 진입] 현재 43 / 200 페이지 수집 중...
[2026-06-06 18:28:04] 📊 [중간 리포트] 43페이지 신규 데이터 50개 적재 성공
[2026-06-06 18:28:06] 
🔄 [페이지 진입] 현재 44 / 200 페이지 수집 중...
[2026-06-06 18:32:06] 📊 [중간 리포트] 44페이지 신규 데이터 50개 적재 성공
[2026-06-06 18:32:08] 
🔄 [페이지 진입] 현재 45 / 200 페이지 수집 중...
[2026-06-06 18:36:09] 📊 [중간 리포트] 45페이지 신규 데이터 49개 적재 성공
[2026-06-06 18:36:11] 
🔄 [페이지 진입] 현재 46 / 200 페이지 수집 중...
[2026-06-06 18:40:07] 📊 [중간 리포트] 46페이지 신규 데이터 50개 적재 성공
[2026-06-06 18:40:09] 
🔄 [페이지 진입] 현재 47 / 200 페이지 수집 중...
[2026-06-06 18:44:08] 📊 [중간 리포트] 47페이지 신규 데이터 50개 적재 성공
[2026-06-06 18:44:10] 
🔄 [페이지 진입] 현재 48 / 200 페이지 수집 중...
[2026-06-06 18:48:05] 📊 [중간 리포트] 48페이지 신규 데이터 50개 적재 성공
[2026-06-06 18:48:07] 
🔄 [페이지 진입] 현재 49 / 200 페이지 수집 중...
[2026-06-06 18:52:02] 📊 [중간 리포트] 49페이지 신규 데이터 50개 적재 성공
[2026-06-06 18:52:04] 
🔄 [페이지 진입] 현재 50 / 200 페이지 수집 중...
[2026-06-06 18:55:58] 📊 [중간 리포트] 50페이지 신규 데이터 50개 적재 성공
[2026-06-06 18:56:00] 
🔄 [페이지 진입] 현재 51 / 200 페이지 수집 중...
[2026-06-06 18:59:53] 📊 [중간 리포트] 51페이지 신규 데이터 49개 적재 성공
[2026-06-06 18:59:55] 
🔄 [페이지 진입] 현재 52 / 200 페이지 수집 중...
[2026-06-06 19:03:55] 📊 [중간 리포트] 52페이지 신규 데이터 50개 적재 성공
[2026-06-06 19:03:57] 
🔄 [페이지 진입] 현재 53 / 200 페이지 수집 중...
[2026-06-06 19:07:52] 📊 [중간 리포트] 53페이지 신규 데이터 50개 적재 성공
[2026-06-06 19:07:54] 
🔄 [페이지 진입] 현재 54 / 200 페이지 수집 중...
[2026-06-06 19:11:46] 📊 [중간 리포트] 54페이지 신규 데이터 50개 적재 성공
[2026-06-06 19:11:48] 
🔄 [페이지 진입] 현재 55 / 200 페이지 수집 중...
[2026-06-06 19:15:47] 📊 [중간 리포트] 55페이지 신규 데이터 50개 적재 성공
[2026-06-06 19:15:49] 
🔄 [페이지 진입] 현재 56 / 200 페이지 수집 중...
[2026-06-06 19:19:50] 📊 [중간 리포트] 56페이지 신규 데이터 50개 적재 성공
[2026-06-06 19:19:52] 
🔄 [페이지 진입] 현재 57 / 200 페이지 수집 중...
[2026-06-06 19:23:51] 📊 [중간 리포트] 57페이지 신규 데이터 50개 적재 성공
[2026-06-06 19:23:53] 
🔄 [페이지 진입] 현재 58 / 200 페이지 수집 중...
[2026-06-06 19:27:43] 📊 [중간 리포트] 58페이지 신규 데이터 50개 적재 성공
[2026-06-06 19:27:45] 
🔄 [페이지 진입] 현재 59 / 200 페이지 수집 중...
[2026-06-06 19:31:22] 📊 [중간 리포트] 59페이지 신규 데이터 50개 적재 성공
[2026-06-06 19:31:24] 
🔄 [페이지 진입] 현재 60 / 200 페이지 수집 중...
[2026-06-06 19:35:07] 📊 [중간 리포트] 60페이지 신규 데이터 50개 적재 성공
[2026-06-06 19:35:09] 
🔄 [페이지 진입] 현재 61 / 200 페이지 수집 중...
[2026-06-06 19:38:53] 📊 [중간 리포트] 61페이지 신규 데이터 50개 적재 성공
[2026-06-06 19:38:55] 
🔄 [페이지 진입] 현재 62 / 200 페이지 수집 중...
[2026-06-06 19:42:33] 📊 [중간 리포트] 62페이지 신규 데이터 50개 적재 성공
[2026-06-06 19:42:35] 
🔄 [페이지 진입] 현재 63 / 200 페이지 수집 중...
